2026-08-03 23:26:56,574 - INFO - HTTP Request: GET https://huggingface.co/api/datasets/unrulyabstractions/temporal-awareness "HTTP/1.1 200 OK"
2026-08-03 23:26:56,820 - INFO - Syncing /root/temporal-awareness/out/experiments/loc_qwen_investment -> unrulyabstractions/temporal-awareness/localization/loc_qwen_investment (dataset)
2026-08-03 23:26:56,820 - INFO - Scanned /root/temporal-awareness/out/experiments/loc_qwen_investment: 4 files on disk, 4 to upload (14.2 KB)
2026-08-03 23:26:56,926 - INFO - HTTP Request: POST https://huggingface.co/api/datasets/unrulyabstractions/temporal-awareness/preupload/main "HTTP/1.1 200 OK"
2026-08-03 23:27:08,128 - INFO - HTTP Request: POST https://huggingface.co/api/datasets/unrulyabstractions/temporal-awareness/commit/main "HTTP/1.1 200 OK"
2026-08-03 23:27:08,241 - INFO - [commit 1/1] 4 files, 14.2 KB in 11.4s (1.2 KB/s) | pass total 4/4 files, 14.2 KB, 11.4s
2026-08-03 23:27:08,242 - INFO - Waiting 120s for new files (done-file RUN_COMPLETE: absent)
2026-08-03 23:29:08,263 - INFO - Scanned /root/temporal-awareness/out/experiments/loc_qwen_investment: 4 files on disk, 1 to upload (1.3 KB)
2026-08-03 23:29:08,410 - INFO - HTTP Request: POST https://huggingface.co/api/datasets/unrulyabstractions/temporal-awareness/preupload/main "HTTP/1.1 200 OK"
2026-08-03 23:29:15,345 - INFO - HTTP Request: POST https://huggingface.co/api/datasets/unrulyabstractions/temporal-awareness/commit/main "HTTP/1.1 200 OK"
2026-08-03 23:29:16,871 - INFO - [commit 1/1] 1 files, 1.3 KB in 8.6s (149.0 B/s) | pass total 1/1 files, 1.3 KB, 8.6s
2026-08-03 23:29:16,872 - INFO - Waiting 120s for new files (done-file RUN_COMPLETE: absent)
2026-08-03 23:31:16,872 - INFO - Scanned /root/temporal-awareness/out/experiments/loc_qwen_investment: 4 files on disk, 1 to upload (1.3 KB)
2026-08-03 23:31:17,013 - INFO - HTTP Request: POST https://huggingface.co/api/datasets/unrulyabstractions/temporal-awareness/preupload/main "HTTP/1.1 200 OK"
2026-08-03 23:31:23,888 - INFO - HTTP Request: POST https://huggingface.co/api/datasets/unrulyabstractions/temporal-awareness/commit/main "HTTP/1.1 200 OK"
2026-08-03 23:31:23,918 - INFO - [commit 1/1] 1 files, 1.3 KB in 7.0s (186.0 B/s) | pass total 1/1 files, 1.3 KB, 7.0s
2026-08-03 23:31:23,919 - INFO - Waiting 120s for new files (done-file RUN_COMPLETE: absent)
2026-08-03 23:33:23,920 - INFO - Scanned /root/temporal-awareness/out/experiments/loc_qwen_investment: 4 files on disk, 1 to upload (1.4 KB)
2026-08-03 23:33:24,084 - INFO - HTTP Request: POST https://huggingface.co/api/datasets/unrulyabstractions/temporal-awareness/preupload/main "HTTP/1.1 200 OK"
2026-08-03 23:33:34,237 - INFO - HTTP Request: POST https://huggingface.co/api/datasets/unrulyabstractions/temporal-awareness/commit/main "HTTP/1.1 200 OK"
2026-08-03 23:33:34,265 - INFO - [commit 1/1] 1 files, 1.4 KB in 10.3s (140.0 B/s) | pass total 1/1 files, 1.4 KB, 10.3s
2026-08-03 23:33:34,266 - INFO - Waiting 120s for new files (done-file RUN_COMPLETE: absent)
2026-08-03 23:35:34,266 - INFO - Scanned /root/temporal-awareness/out/experiments/loc_qwen_investment: 4 files on disk, 1 to upload (1.5 KB)
2026-08-03 23:35:34,438 - INFO - HTTP Request: POST https://huggingface.co/api/datasets/unrulyabstractions/temporal-awareness/preupload/main "HTTP/1.1 200 OK"
2026-08-03 23:35:44,523 - INFO - HTTP Request: POST https://huggingface.co/api/datasets/unrulyabstractions/temporal-awareness/commit/main "HTTP/1.1 200 OK"
2026-08-03 23:35:44,554 - INFO - [commit 1/1] 1 files, 1.5 KB in 10.3s (154.0 B/s) | pass total 1/1 files, 1.5 KB, 10.3s
2026-08-03 23:35:44,554 - INFO - Waiting 120s for new files (done-file RUN_COMPLETE: absent)
2026-08-03 23:37:44,555 - INFO - Scanned /root/temporal-awareness/out/experiments/loc_qwen_investment: 4 files on disk, 1 to upload (1.6 KB)
2026-08-03 23:37:44,698 - INFO - HTTP Request: POST https://huggingface.co/api/datasets/unrulyabstractions/temporal-awareness/preupload/main "HTTP/1.1 200 OK"
2026-08-03 23:37:55,661 - INFO - HTTP Request: POST https://huggingface.co/api/datasets/unrulyabstractions/temporal-awareness/commit/main "HTTP/1.1 200 OK"
2026-08-03 23:37:55,700 - INFO - [commit 1/1] 1 files, 1.6 KB in 11.1s (144.0 B/s) | pass total 1/1 files, 1.6 KB, 11.1s
2026-08-03 23:37:55,700 - INFO - Waiting 120s for new files (done-file RUN_COMPLETE: absent)
2026-08-03 23:39:55,701 - INFO - Scanned /root/temporal-awareness/out/experiments/loc_qwen_investment: 4 files on disk, 1 to upload (1.7 KB)
2026-08-03 23:39:55,943 - INFO - HTTP Request: POST https://huggingface.co/api/datasets/unrulyabstractions/temporal-awareness/preupload/main "HTTP/1.1 200 OK"
2026-08-03 23:40:01,040 - INFO - HTTP Request: POST https://huggingface.co/api/datasets/unrulyabstractions/temporal-awareness/commit/main "HTTP/1.1 200 OK"
2026-08-03 23:40:01,065 - INFO - [commit 1/1] 1 files, 1.7 KB in 5.4s (325.0 B/s) | pass total 1/1 files, 1.7 KB, 5.4s
2026-08-03 23:40:01,065 - INFO - Waiting 120s for new files (done-file RUN_COMPLETE: absent)
2026-08-03 23:42:01,066 - INFO - Scanned /root/temporal-awareness/out/experiments/loc_qwen_investment: 4 files on disk, 1 to upload (2.2 KB)
2026-08-03 23:42:01,261 - INFO - HTTP Request: POST https://huggingface.co/api/datasets/unrulyabstractions/temporal-awareness/preupload/main "HTTP/1.1 200 OK"
2026-08-03 23:42:11,305 - INFO - HTTP Request: POST https://huggingface.co/api/datasets/unrulyabstractions/temporal-awareness/commit/main "HTTP/1.1 200 OK"
2026-08-03 23:42:11,346 - INFO - [commit 1/1] 1 files, 2.2 KB in 10.3s (216.0 B/s) | pass total 1/1 files, 2.2 KB, 10.3s
2026-08-03 23:42:11,347 - INFO - Waiting 120s for new files (done-file RUN_COMPLETE: absent)
2026-08-03 23:44:11,348 - INFO - Scanned /root/temporal-awareness/out/experiments/loc_qwen_investment: 4 files on disk, 1 to upload (2.3 KB)
2026-08-03 23:44:11,439 - INFO - HTTP Request: POST https://huggingface.co/api/datasets/unrulyabstractions/temporal-awareness/preupload/main "HTTP/1.1 429 Too Many Requests"
HTTP Error 429 thrown while requesting POST https://huggingface.co/api/datasets/unrulyabstractions/temporal-awareness/preupload/main
2026-08-03 23:44:11,440 - WARNING - HTTP Error 429 thrown while requesting POST https://huggingface.co/api/datasets/unrulyabstractions/temporal-awareness/preupload/main
Rate limited. Waiting 135.0s before retry [Retry 1/5].
2026-08-03 23:44:11,440 - WARNING - Rate limited. Waiting 135.0s before retry [Retry 1/5].
2026-08-03 23:46:26,583 - INFO - HTTP Request: POST https://huggingface.co/api/datasets/unrulyabstractions/temporal-awareness/preupload/main "HTTP/1.1 200 OK"
2026-08-03 23:46:46,203 - INFO - HTTP Request: POST https://huggingface.co/api/datasets/unrulyabstractions/temporal-awareness/commit/main "HTTP/1.1 200 OK"
2026-08-03 23:46:46,236 - INFO - [commit 1/1] 1 files, 2.3 KB in 2m34s (15.0 B/s) | pass total 1/1 files, 2.3 KB, 2m34s
2026-08-03 23:46:46,236 - INFO - Waiting 120s for new files (done-file RUN_COMPLETE: absent)
2026-08-03 23:48:46,237 - INFO - Scanned /root/temporal-awareness/out/experiments/loc_qwen_investment: 4 files on disk, 1 to upload (2.6 KB)
2026-08-03 23:48:46,332 - INFO - HTTP Request: POST https://huggingface.co/api/datasets/unrulyabstractions/temporal-awareness/preupload/main "HTTP/1.1 429 Too Many Requests"
HTTP Error 429 thrown while requesting POST https://huggingface.co/api/datasets/unrulyabstractions/temporal-awareness/preupload/main
2026-08-03 23:48:46,332 - WARNING - HTTP Error 429 thrown while requesting POST https://huggingface.co/api/datasets/unrulyabstractions/temporal-awareness/preupload/main
Rate limited. Waiting 160.0s before retry [Retry 1/5].
2026-08-03 23:48:46,332 - WARNING - Rate limited. Waiting 160.0s before retry [Retry 1/5].
2026-08-03 23:51:26,452 - INFO - HTTP Request: POST https://huggingface.co/api/datasets/unrulyabstractions/temporal-awareness/preupload/main "HTTP/1.1 200 OK"
2026-08-03 23:51:44,889 - INFO - HTTP Request: POST https://huggingface.co/api/datasets/unrulyabstractions/temporal-awareness/commit/main "HTTP/1.1 200 OK"
2026-08-03 23:51:44,930 - INFO - [commit 1/1] 1 files, 2.6 KB in 2m58s (14.0 B/s) | pass total 1/1 files, 2.6 KB, 2m58s
2026-08-03 23:51:44,931 - INFO - Waiting 120s for new files (done-file RUN_COMPLETE: absent)
2026-08-03 23:53:44,932 - INFO - Scanned /root/temporal-awareness/out/experiments/loc_qwen_investment: 4 files on disk, 1 to upload (3.2 KB)
2026-08-03 23:53:45,034 - INFO - HTTP Request: POST https://huggingface.co/api/datasets/unrulyabstractions/temporal-awareness/preupload/main "HTTP/1.1 429 Too Many Requests"
HTTP Error 429 thrown while requesting POST https://huggingface.co/api/datasets/unrulyabstractions/temporal-awareness/preupload/main
2026-08-03 23:53:45,034 - WARNING - HTTP Error 429 thrown while requesting POST https://huggingface.co/api/datasets/unrulyabstractions/temporal-awareness/preupload/main
Rate limited. Waiting 162.0s before retry [Retry 1/5].
2026-08-03 23:53:45,034 - WARNING - Rate limited. Waiting 162.0s before retry [Retry 1/5].
2026-08-03 23:56:27,156 - INFO - HTTP Request: POST https://huggingface.co/api/datasets/unrulyabstractions/temporal-awareness/preupload/main "HTTP/1.1 200 OK"
2026-08-03 23:56:39,532 - INFO - HTTP Request: POST https://huggingface.co/api/datasets/unrulyabstractions/temporal-awareness/commit/main "HTTP/1.1 200 OK"
2026-08-03 23:56:39,565 - INFO - [commit 1/1] 1 files, 3.2 KB in 2m54s (18.0 B/s) | pass total 1/1 files, 3.2 KB, 2m54s
2026-08-03 23:56:39,565 - INFO - Waiting 120s for new files (done-file RUN_COMPLETE: absent)
2026-08-03 23:58:39,566 - INFO - Scanned /root/temporal-awareness/out/experiments/loc_qwen_investment: 4 files on disk, 1 to upload (3.5 KB)
2026-08-03 23:58:39,662 - INFO - HTTP Request: POST https://huggingface.co/api/datasets/unrulyabstractions/temporal-awareness/preupload/main "HTTP/1.1 429 Too Many Requests"
HTTP Error 429 thrown while requesting POST https://huggingface.co/api/datasets/unrulyabstractions/temporal-awareness/preupload/main
2026-08-03 23:58:39,662 - WARNING - HTTP Error 429 thrown while requesting POST https://huggingface.co/api/datasets/unrulyabstractions/temporal-awareness/preupload/main
Rate limited. Waiting 167.0s before retry [Retry 1/5].
2026-08-03 23:58:39,662 - WARNING - Rate limited. Waiting 167.0s before retry [Retry 1/5].
2026-08-04 00:01:26,771 - INFO - HTTP Request: POST https://huggingface.co/api/datasets/unrulyabstractions/temporal-awareness/preupload/main "HTTP/1.1 200 OK"
2026-08-04 00:01:40,914 - INFO - HTTP Request: POST https://huggingface.co/api/datasets/unrulyabstractions/temporal-awareness/commit/main "HTTP/1.1 200 OK"
2026-08-04 00:01:40,955 - INFO - [commit 1/1] 1 files, 3.5 KB in 3m01s (19.0 B/s) | pass total 1/1 files, 3.5 KB, 3m01s
2026-08-04 00:01:40,955 - INFO - Waiting 120s for new files (done-file RUN_COMPLETE: absent)
2026-08-04 00:03:40,956 - INFO - Scanned /root/temporal-awareness/out/experiments/loc_qwen_investment: 4 files on disk, 1 to upload (4.5 KB)
2026-08-04 00:03:41,085 - INFO - HTTP Request: POST https://huggingface.co/api/datasets/unrulyabstractions/temporal-awareness/preupload/main "HTTP/1.1 200 OK"
2026-08-04 00:03:54,737 - INFO - HTTP Request: POST https://huggingface.co/api/datasets/unrulyabstractions/temporal-awareness/commit/main "HTTP/1.1 200 OK"
2026-08-04 00:03:54,775 - INFO - [commit 1/1] 1 files, 4.5 KB in 13.8s (336.0 B/s) | pass total 1/1 files, 4.5 KB, 13.8s
2026-08-04 00:03:54,776 - INFO - Waiting 120s for new files (done-file RUN_COMPLETE: absent)
2026-08-04 00:05:54,777 - INFO - Scanned /root/temporal-awareness/out/experiments/loc_qwen_investment: 4 files on disk, 1 to upload (4.7 KB)
2026-08-04 00:05:54,905 - INFO - HTTP Request: POST https://huggingface.co/api/datasets/unrulyabstractions/temporal-awareness/preupload/main "HTTP/1.1 200 OK"
2026-08-04 00:06:02,331 - INFO - HTTP Request: POST https://huggingface.co/api/datasets/unrulyabstractions/temporal-awareness/commit/main "HTTP/1.1 200 OK"
2026-08-04 00:06:02,373 - INFO - [commit 1/1] 1 files, 4.7 KB in 7.6s (629.0 B/s) | pass total 1/1 files, 4.7 KB, 7.6s
2026-08-04 00:06:02,373 - INFO - Waiting 120s for new files (done-file RUN_COMPLETE: absent)
2026-08-04 00:08:02,374 - INFO - Scanned /root/temporal-awareness/out/experiments/loc_qwen_investment: 4 files on disk, 1 to upload (4.7 KB)
2026-08-04 00:08:02,488 - INFO - HTTP Request: POST https://huggingface.co/api/datasets/unrulyabstractions/temporal-awareness/preupload/main "HTTP/1.1 200 OK"
2026-08-04 00:08:08,398 - INFO - HTTP Request: POST https://huggingface.co/api/datasets/unrulyabstractions/temporal-awareness/commit/main "HTTP/1.1 200 OK"
2026-08-04 00:08:08,421 - INFO - [commit 1/1] 1 files, 4.7 KB in 6.0s (795.0 B/s) | pass total 1/1 files, 4.7 KB, 6.0s
2026-08-04 00:08:08,421 - INFO - Waiting 120s for new files (done-file RUN_COMPLETE: absent)
2026-08-04 00:10:08,422 - INFO - Scanned /root/temporal-awareness/out/experiments/loc_qwen_investment: 4 files on disk, 1 to upload (4.8 KB)
2026-08-04 00:10:08,546 - INFO - HTTP Request: POST https://huggingface.co/api/datasets/unrulyabstractions/temporal-awareness/preupload/main "HTTP/1.1 200 OK"
2026-08-04 00:10:15,721 - INFO - HTTP Request: POST https://huggingface.co/api/datasets/unrulyabstractions/temporal-awareness/commit/main "HTTP/1.1 200 OK"
2026-08-04 00:10:15,760 - INFO - [commit 1/1] 1 files, 4.8 KB in 7.3s (673.0 B/s) | pass total 1/1 files, 4.8 KB, 7.3s
2026-08-04 00:10:15,760 - INFO - Waiting 120s for new files (done-file RUN_COMPLETE: absent)
2026-08-04 00:12:15,761 - INFO - Scanned /root/temporal-awareness/out/experiments/loc_qwen_investment: 4 files on disk, 1 to upload (5.0 KB)
2026-08-04 00:12:15,875 - INFO - HTTP Request: POST https://huggingface.co/api/datasets/unrulyabstractions/temporal-awareness/preupload/main "HTTP/1.1 200 OK"
2026-08-04 00:12:25,207 - INFO - HTTP Request: POST https://huggingface.co/api/datasets/unrulyabstractions/temporal-awareness/commit/main "HTTP/1.1 200 OK"
2026-08-04 00:12:25,241 - INFO - [commit 1/1] 1 files, 5.0 KB in 9.5s (536.0 B/s) | pass total 1/1 files, 5.0 KB, 9.5s
2026-08-04 00:12:25,241 - INFO - Waiting 120s for new files (done-file RUN_COMPLETE: absent)
2026-08-04 00:14:25,242 - INFO - Scanned /root/temporal-awareness/out/experiments/loc_qwen_investment: 4 files on disk, 1 to upload (5.0 KB)
2026-08-04 00:14:25,354 - INFO - HTTP Request: POST https://huggingface.co/api/datasets/unrulyabstractions/temporal-awareness/preupload/main "HTTP/1.1 200 OK"
2026-08-04 00:14:40,486 - INFO - HTTP Request: POST https://huggingface.co/api/datasets/unrulyabstractions/temporal-awareness/commit/main "HTTP/1.1 200 OK"
2026-08-04 00:14:40,520 - INFO - [commit 1/1] 1 files, 5.0 KB in 15.3s (334.0 B/s) | pass total 1/1 files, 5.0 KB, 15.3s
2026-08-04 00:14:40,520 - INFO - Waiting 120s for new files (done-file RUN_COMPLETE: absent)
2026-08-04 00:16:40,521 - INFO - Scanned /root/temporal-awareness/out/experiments/loc_qwen_investment: 4 files on disk, 1 to upload (5.1 KB)
2026-08-04 00:16:40,636 - INFO - HTTP Request: POST https://huggingface.co/api/datasets/unrulyabstractions/temporal-awareness/preupload/main "HTTP/1.1 200 OK"
2026-08-04 00:16:46,540 - INFO - HTTP Request: POST https://huggingface.co/api/datasets/unrulyabstractions/temporal-awareness/commit/main "HTTP/1.1 200 OK"
2026-08-04 00:16:46,568 - INFO - [commit 1/1] 1 files, 5.1 KB in 6.0s (868.0 B/s) | pass total 1/1 files, 5.1 KB, 6.0s
2026-08-04 00:16:46,568 - INFO - Waiting 120s for new files (done-file RUN_COMPLETE: absent)
2026-08-04 00:18:46,569 - INFO - Scanned /root/temporal-awareness/out/experiments/loc_qwen_investment: 4 files on disk, 1 to upload (5.7 KB)
2026-08-04 00:18:46,700 - INFO - HTTP Request: POST https://huggingface.co/api/datasets/unrulyabstractions/temporal-awareness/preupload/main "HTTP/1.1 200 OK"
2026-08-04 00:18:54,716 - INFO - HTTP Request: POST https://huggingface.co/api/datasets/unrulyabstractions/temporal-awareness/commit/main "HTTP/1.1 200 OK"
2026-08-04 00:18:54,740 - INFO - [commit 1/1] 1 files, 5.7 KB in 8.2s (714.0 B/s) | pass total 1/1 files, 5.7 KB, 8.2s
2026-08-04 00:18:54,741 - INFO - Waiting 120s for new files (done-file RUN_COMPLETE: absent)
2026-08-04 00:20:54,742 - INFO - Scanned /root/temporal-awareness/out/experiments/loc_qwen_investment: 4 files on disk, 1 to upload (5.7 KB)
2026-08-04 00:20:54,861 - INFO - HTTP Request: POST https://huggingface.co/api/datasets/unrulyabstractions/temporal-awareness/preupload/main "HTTP/1.1 200 OK"
2026-08-04 00:21:03,851 - INFO - HTTP Request: POST https://huggingface.co/api/datasets/unrulyabstractions/temporal-awareness/commit/main "HTTP/1.1 200 OK"
2026-08-04 00:21:03,879 - INFO - [commit 1/1] 1 files, 5.7 KB in 9.1s (642.0 B/s) | pass total 1/1 files, 5.7 KB, 9.1s
2026-08-04 00:21:03,879 - INFO - Waiting 120s for new files (done-file RUN_COMPLETE: absent)
2026-08-04 00:23:03,880 - INFO - Scanned /root/temporal-awareness/out/experiments/loc_qwen_investment: 4 files on disk, 1 to upload (5.9 KB)
2026-08-04 00:23:03,988 - INFO - HTTP Request: POST https://huggingface.co/api/datasets/unrulyabstractions/temporal-awareness/preupload/main "HTTP/1.1 200 OK"
2026-08-04 00:23:14,601 - INFO - HTTP Request: POST https://huggingface.co/api/datasets/unrulyabstractions/temporal-awareness/commit/main "HTTP/1.1 200 OK"
2026-08-04 00:23:14,626 - INFO - [commit 1/1] 1 files, 5.9 KB in 10.7s (559.0 B/s) | pass total 1/1 files, 5.9 KB, 10.7s
2026-08-04 00:23:14,626 - INFO - Waiting 120s for new files (done-file RUN_COMPLETE: absent)
2026-08-04 00:25:14,627 - INFO - Scanned /root/temporal-awareness/out/experiments/loc_qwen_investment: 4 files on disk, 1 to upload (6.0 KB)
2026-08-04 00:25:14,751 - INFO - HTTP Request: POST https://huggingface.co/api/datasets/unrulyabstractions/temporal-awareness/preupload/main "HTTP/1.1 200 OK"
2026-08-04 00:25:20,715 - INFO - HTTP Request: POST https://huggingface.co/api/datasets/unrulyabstractions/temporal-awareness/commit/main "HTTP/1.1 200 OK"
2026-08-04 00:25:20,757 - INFO - [commit 1/1] 1 files, 6.0 KB in 6.1s (1003.0 B/s) | pass total 1/1 files, 6.0 KB, 6.1s
2026-08-04 00:25:20,757 - INFO - Waiting 120s for new files (done-file RUN_COMPLETE: absent)
2026-08-04 00:27:20,758 - INFO - Scanned /root/temporal-awareness/out/experiments/loc_qwen_investment: 4 files on disk, 1 to upload (6.0 KB)
2026-08-04 00:27:20,877 - INFO - HTTP Request: POST https://huggingface.co/api/datasets/unrulyabstractions/temporal-awareness/preupload/main "HTTP/1.1 200 OK"
2026-08-04 00:27:25,513 - INFO - HTTP Request: POST https://huggingface.co/api/datasets/unrulyabstractions/temporal-awareness/commit/main "HTTP/1.1 200 OK"
2026-08-04 00:27:25,547 - INFO - [commit 1/1] 1 files, 6.0 KB in 4.8s (1.3 KB/s) | pass total 1/1 files, 6.0 KB, 4.8s
2026-08-04 00:27:25,547 - INFO - Waiting 120s for new files (done-file RUN_COMPLETE: absent)
2026-08-04 00:29:25,548 - INFO - Scanned /root/temporal-awareness/out/experiments/loc_qwen_investment: 4 files on disk, 1 to upload (6.2 KB)
2026-08-04 00:29:25,668 - INFO - HTTP Request: POST https://huggingface.co/api/datasets/unrulyabstractions/temporal-awareness/preupload/main "HTTP/1.1 200 OK"
2026-08-04 00:29:32,914 - INFO - HTTP Request: POST https://huggingface.co/api/datasets/unrulyabstractions/temporal-awareness/commit/main "HTTP/1.1 200 OK"
2026-08-04 00:29:32,936 - INFO - [commit 1/1] 1 files, 6.2 KB in 7.4s (854.0 B/s) | pass total 1/1 files, 6.2 KB, 7.4s
2026-08-04 00:29:32,936 - INFO - Waiting 120s for new files (done-file RUN_COMPLETE: absent)
2026-08-04 00:31:32,937 - INFO - Scanned /root/temporal-awareness/out/experiments/loc_qwen_investment: 4 files on disk, 1 to upload (6.3 KB)
2026-08-04 00:31:33,199 - INFO - HTTP Request: POST https://huggingface.co/api/datasets/unrulyabstractions/temporal-awareness/preupload/main "HTTP/1.1 200 OK"
2026-08-04 00:31:38,343 - INFO - HTTP Request: POST https://huggingface.co/api/datasets/unrulyabstractions/temporal-awareness/commit/main "HTTP/1.1 200 OK"
2026-08-04 00:31:38,375 - INFO - [commit 1/1] 1 files, 6.3 KB in 5.4s (1.2 KB/s) | pass total 1/1 files, 6.3 KB, 5.4s
2026-08-04 00:31:38,376 - INFO - Waiting 120s for new files (done-file RUN_COMPLETE: absent)
2026-08-04 00:33:38,377 - INFO - Scanned /root/temporal-awareness/out/experiments/loc_qwen_investment: 4 files on disk, 1 to upload (6.8 KB)
2026-08-04 00:33:38,517 - INFO - HTTP Request: POST https://huggingface.co/api/datasets/unrulyabstractions/temporal-awareness/preupload/main "HTTP/1.1 200 OK"
2026-08-04 00:33:44,521 - INFO - HTTP Request: POST https://huggingface.co/api/datasets/unrulyabstractions/temporal-awareness/commit/main "HTTP/1.1 200 OK"
2026-08-04 00:33:44,864 - INFO - [commit 1/1] 1 files, 6.8 KB in 6.5s (1.0 KB/s) | pass total 1/1 files, 6.8 KB, 6.5s
2026-08-04 00:33:44,864 - INFO - Waiting 120s for new files (done-file RUN_COMPLETE: absent)
2026-08-04 00:35:44,865 - INFO - Scanned /root/temporal-awareness/out/experiments/loc_qwen_investment: 4 files on disk, 1 to upload (6.9 KB)
2026-08-04 00:35:44,985 - INFO - HTTP Request: POST https://huggingface.co/api/datasets/unrulyabstractions/temporal-awareness/preupload/main "HTTP/1.1 200 OK"
2026-08-04 00:35:55,120 - INFO - HTTP Request: POST https://huggingface.co/api/datasets/unrulyabstractions/temporal-awareness/commit/main "HTTP/1.1 200 OK"
2026-08-04 00:35:55,600 - INFO - [commit 1/1] 1 files, 6.9 KB in 10.7s (658.0 B/s) | pass total 1/1 files, 6.9 KB, 10.7s
2026-08-04 00:35:55,600 - INFO - Waiting 120s for new files (done-file RUN_COMPLETE: absent)
2026-08-04 00:37:55,601 - INFO - Scanned /root/temporal-awareness/out/experiments/loc_qwen_investment: 4 files on disk, 1 to upload (7.4 KB)
2026-08-04 00:37:55,726 - INFO - HTTP Request: POST https://huggingface.co/api/datasets/unrulyabstractions/temporal-awareness/preupload/main "HTTP/1.1 200 OK"
2026-08-04 00:38:05,272 - INFO - HTTP Request: POST https://huggingface.co/api/datasets/unrulyabstractions/temporal-awareness/commit/main "HTTP/1.1 200 OK"
2026-08-04 00:38:05,301 - INFO - [commit 1/1] 1 files, 7.4 KB in 9.7s (778.0 B/s) | pass total 1/1 files, 7.4 KB, 9.7s
2026-08-04 00:38:05,301 - INFO - Waiting 120s for new files (done-file RUN_COMPLETE: absent)
2026-08-04 00:40:05,302 - INFO - Scanned /root/temporal-awareness/out/experiments/loc_qwen_investment: 4 files on disk, 1 to upload (7.5 KB)
2026-08-04 00:40:05,433 - INFO - HTTP Request: POST https://huggingface.co/api/datasets/unrulyabstractions/temporal-awareness/preupload/main "HTTP/1.1 200 OK"
2026-08-04 00:40:10,005 - INFO - HTTP Request: POST https://huggingface.co/api/datasets/unrulyabstractions/temporal-awareness/commit/main "HTTP/1.1 200 OK"
2026-08-04 00:40:10,032 - INFO - [commit 1/1] 1 files, 7.5 KB in 4.7s (1.6 KB/s) | pass total 1/1 files, 7.5 KB, 4.7s
2026-08-04 00:40:10,033 - INFO - Waiting 120s for new files (done-file RUN_COMPLETE: absent)
2026-08-04 00:42:10,034 - INFO - Scanned /root/temporal-awareness/out/experiments/loc_qwen_investment: 4 files on disk, 1 to upload (7.6 KB)
2026-08-04 00:42:10,166 - INFO - HTTP Request: POST https://huggingface.co/api/datasets/unrulyabstractions/temporal-awareness/preupload/main "HTTP/1.1 200 OK"
2026-08-04 00:42:14,722 - INFO - HTTP Request: POST https://huggingface.co/api/datasets/unrulyabstractions/temporal-awareness/commit/main "HTTP/1.1 200 OK"
2026-08-04 00:42:14,766 - INFO - [commit 1/1] 1 files, 7.6 KB in 4.7s (1.6 KB/s) | pass total 1/1 files, 7.6 KB, 4.7s
2026-08-04 00:42:14,766 - INFO - Waiting 120s for new files (done-file RUN_COMPLETE: absent)
2026-08-04 00:44:14,767 - INFO - Scanned /root/temporal-awareness/out/experiments/loc_qwen_investment: 4 files on disk, 1 to upload (7.7 KB)
2026-08-04 00:44:14,889 - INFO - HTTP Request: POST https://huggingface.co/api/datasets/unrulyabstractions/temporal-awareness/preupload/main "HTTP/1.1 200 OK"
2026-08-04 00:44:19,524 - INFO - HTTP Request: POST https://huggingface.co/api/datasets/unrulyabstractions/temporal-awareness/commit/main "HTTP/1.1 200 OK"
2026-08-04 00:44:19,564 - INFO - [commit 1/1] 1 files, 7.7 KB in 4.8s (1.6 KB/s) | pass total 1/1 files, 7.7 KB, 4.8s
2026-08-04 00:44:19,564 - INFO - Waiting 120s for new files (done-file RUN_COMPLETE: absent)
2026-08-04 00:46:19,565 - INFO - Scanned /root/temporal-awareness/out/experiments/loc_qwen_investment: 4 files on disk, 1 to upload (7.8 KB)
2026-08-04 00:46:19,706 - INFO - HTTP Request: POST https://huggingface.co/api/datasets/unrulyabstractions/temporal-awareness/preupload/main "HTTP/1.1 200 OK"
2026-08-04 00:46:24,349 - INFO - HTTP Request: POST https://huggingface.co/api/datasets/unrulyabstractions/temporal-awareness/commit/main "HTTP/1.1 200 OK"
2026-08-04 00:46:24,388 - INFO - [commit 1/1] 1 files, 7.8 KB in 4.8s (1.6 KB/s) | pass total 1/1 files, 7.8 KB, 4.8s
2026-08-04 00:46:24,388 - INFO - Waiting 120s for new files (done-file RUN_COMPLETE: absent)
2026-08-04 00:48:24,389 - INFO - Scanned /root/temporal-awareness/out/experiments/loc_qwen_investment: 4 files on disk, 1 to upload (7.8 KB)
2026-08-04 00:48:24,512 - INFO - HTTP Request: POST https://huggingface.co/api/datasets/unrulyabstractions/temporal-awareness/preupload/main "HTTP/1.1 200 OK"
2026-08-04 00:48:29,609 - INFO - HTTP Request: POST https://huggingface.co/api/datasets/unrulyabstractions/temporal-awareness/commit/main "HTTP/1.1 200 OK"
2026-08-04 00:48:29,653 - INFO - [commit 1/1] 1 files, 7.8 KB in 5.3s (1.5 KB/s) | pass total 1/1 files, 7.8 KB, 5.3s
2026-08-04 00:48:29,654 - INFO - Waiting 120s for new files (done-file RUN_COMPLETE: absent)
2026-08-04 00:50:29,655 - INFO - Scanned /root/temporal-awareness/out/experiments/loc_qwen_investment: 4 files on disk, 1 to upload (8.0 KB)
2026-08-04 00:50:29,777 - INFO - HTTP Request: POST https://huggingface.co/api/datasets/unrulyabstractions/temporal-awareness/preupload/main "HTTP/1.1 200 OK"
2026-08-04 00:50:34,343 - INFO - HTTP Request: POST https://huggingface.co/api/datasets/unrulyabstractions/temporal-awareness/commit/main "HTTP/1.1 200 OK"
2026-08-04 00:50:34,385 - INFO - [commit 1/1] 1 files, 8.0 KB in 4.7s (1.7 KB/s) | pass total 1/1 files, 8.0 KB, 4.7s
2026-08-04 00:50:34,386 - INFO - Waiting 120s for new files (done-file RUN_COMPLETE: absent)
2026-08-04 00:52:34,387 - INFO - Scanned /root/temporal-awareness/out/experiments/loc_qwen_investment: 4 files on disk, 1 to upload (8.1 KB)
2026-08-04 00:52:34,583 - INFO - HTTP Request: POST https://huggingface.co/api/datasets/unrulyabstractions/temporal-awareness/preupload/main "HTTP/1.1 200 OK"
2026-08-04 00:52:39,183 - INFO - HTTP Request: POST https://huggingface.co/api/datasets/unrulyabstractions/temporal-awareness/commit/main "HTTP/1.1 200 OK"
2026-08-04 00:52:39,226 - INFO - [commit 1/1] 1 files, 8.1 KB in 4.8s (1.7 KB/s) | pass total 1/1 files, 8.1 KB, 4.8s
2026-08-04 00:52:39,226 - INFO - Waiting 120s for new files (done-file RUN_COMPLETE: absent)
2026-08-04 00:54:39,227 - INFO - Scanned /root/temporal-awareness/out/experiments/loc_qwen_investment: 4 files on disk, 1 to upload (9.0 KB)
2026-08-04 00:54:39,355 - INFO - HTTP Request: POST https://huggingface.co/api/datasets/unrulyabstractions/temporal-awareness/preupload/main "HTTP/1.1 200 OK"
2026-08-04 00:54:49,360 - INFO - HTTP Request: POST https://huggingface.co/api/datasets/unrulyabstractions/temporal-awareness/commit/main "HTTP/1.1 200 OK"
2026-08-04 00:54:49,390 - INFO - [commit 1/1] 1 files, 9.0 KB in 10.2s (910.0 B/s) | pass total 1/1 files, 9.0 KB, 10.2s
2026-08-04 00:54:49,390 - INFO - Waiting 120s for new files (done-file RUN_COMPLETE: absent)
2026-08-04 00:56:49,391 - INFO - Scanned /root/temporal-awareness/out/experiments/loc_qwen_investment: 4 files on disk, 1 to upload (9.2 KB)
2026-08-04 00:56:49,528 - INFO - HTTP Request: POST https://huggingface.co/api/datasets/unrulyabstractions/temporal-awareness/preupload/main "HTTP/1.1 200 OK"
2026-08-04 00:57:00,750 - INFO - HTTP Request: POST https://huggingface.co/api/datasets/unrulyabstractions/temporal-awareness/commit/main "HTTP/1.1 200 OK"
2026-08-04 00:57:00,778 - INFO - [commit 1/1] 1 files, 9.2 KB in 11.4s (824.0 B/s) | pass total 1/1 files, 9.2 KB, 11.4s
2026-08-04 00:57:00,778 - INFO - Waiting 120s for new files (done-file RUN_COMPLETE: absent)
2026-08-04 00:59:00,780 - INFO - Scanned /root/temporal-awareness/out/experiments/loc_qwen_investment: 4 files on disk, 1 to upload (9.3 KB)
2026-08-04 00:59:00,897 - INFO - HTTP Request: POST https://huggingface.co/api/datasets/unrulyabstractions/temporal-awareness/preupload/main "HTTP/1.1 200 OK"
2026-08-04 00:59:13,512 - INFO - HTTP Request: POST https://huggingface.co/api/datasets/unrulyabstractions/temporal-awareness/commit/main "HTTP/1.1 200 OK"
2026-08-04 00:59:13,541 - INFO - [commit 1/1] 1 files, 9.3 KB in 12.8s (746.0 B/s) | pass total 1/1 files, 9.3 KB, 12.8s
2026-08-04 00:59:13,541 - INFO - Waiting 120s for new files (done-file RUN_COMPLETE: absent)
2026-08-04 01:01:13,542 - INFO - Scanned /root/temporal-awareness/out/experiments/loc_qwen_investment: 4 files on disk, 1 to upload (9.3 KB)
2026-08-04 01:01:13,669 - INFO - HTTP Request: POST https://huggingface.co/api/datasets/unrulyabstractions/temporal-awareness/preupload/main "HTTP/1.1 200 OK"
2026-08-04 01:01:42,235 - INFO - HTTP Request: POST https://huggingface.co/api/datasets/unrulyabstractions/temporal-awareness/commit/main "HTTP/1.1 200 OK"
2026-08-04 01:01:42,266 - INFO - [commit 1/1] 1 files, 9.3 KB in 28.7s (333.0 B/s) | pass total 1/1 files, 9.3 KB, 28.7s
2026-08-04 01:01:42,266 - INFO - Waiting 120s for new files (done-file RUN_COMPLETE: absent)
2026-08-04 01:03:42,267 - INFO - Scanned /root/temporal-awareness/out/experiments/loc_qwen_investment: 4 files on disk, 1 to upload (9.5 KB)
2026-08-04 01:03:42,383 - INFO - HTTP Request: POST https://huggingface.co/api/datasets/unrulyabstractions/temporal-awareness/preupload/main "HTTP/1.1 200 OK"
2026-08-04 01:04:09,361 - INFO - HTTP Request: POST https://huggingface.co/api/datasets/unrulyabstractions/temporal-awareness/commit/main "HTTP/1.1 200 OK"
2026-08-04 01:04:09,826 - INFO - [commit 1/1] 1 files, 9.5 KB in 27.6s (352.0 B/s) | pass total 1/1 files, 9.5 KB, 27.6s
2026-08-04 01:04:09,827 - INFO - Waiting 120s for new files (done-file RUN_COMPLETE: absent)
2026-08-04 01:06:09,828 - INFO - Scanned /root/temporal-awareness/out/experiments/loc_qwen_investment: 4 files on disk, 1 to upload (9.6 KB)
2026-08-04 01:06:09,979 - INFO - HTTP Request: POST https://huggingface.co/api/datasets/unrulyabstractions/temporal-awareness/preupload/main "HTTP/1.1 200 OK"
2026-08-04 01:06:49,539 - INFO - HTTP Request: POST https://huggingface.co/api/datasets/unrulyabstractions/temporal-awareness/commit/main "HTTP/1.1 200 OK"
2026-08-04 01:06:49,581 - INFO - [commit 1/1] 1 files, 9.6 KB in 39.8s (247.0 B/s) | pass total 1/1 files, 9.6 KB, 39.8s
2026-08-04 01:06:49,581 - INFO - Waiting 120s for new files (done-file RUN_COMPLETE: absent)
2026-08-04 01:08:49,582 - INFO - Scanned /root/temporal-awareness/out/experiments/loc_qwen_investment: 4 files on disk, 1 to upload (9.8 KB)
2026-08-04 01:08:49,762 - INFO - HTTP Request: POST https://huggingface.co/api/datasets/unrulyabstractions/temporal-awareness/preupload/main "HTTP/1.1 200 OK"
2026-08-04 01:09:05,499 - INFO - HTTP Request: POST https://huggingface.co/api/datasets/unrulyabstractions/temporal-awareness/commit/main "HTTP/1.1 200 OK"
2026-08-04 01:09:05,526 - INFO - [commit 1/1] 1 files, 9.8 KB in 15.9s (627.0 B/s) | pass total 1/1 files, 9.8 KB, 15.9s
2026-08-04 01:09:05,526 - INFO - Waiting 120s for new files (done-file RUN_COMPLETE: absent)
2026-08-04 01:11:05,551 - INFO - Scanned /root/temporal-awareness/out/experiments/loc_qwen_investment: 5 files on disk, 2 to upload (19.1 KB)
2026-08-04 01:11:05,861 - INFO - HTTP Request: POST https://huggingface.co/api/datasets/unrulyabstractions/temporal-awareness/preupload/main "HTTP/1.1 200 OK"
2026-08-04 01:11:15,727 - INFO - HTTP Request: POST https://huggingface.co/api/datasets/unrulyabstractions/temporal-awareness/commit/main "HTTP/1.1 200 OK"
2026-08-04 01:11:15,758 - INFO - [commit 1/1] 2 files, 19.1 KB in 10.2s (1.9 KB/s) | pass total 2/2 files, 19.1 KB, 10.2s
2026-08-04 01:11:15,758 - INFO - Waiting 120s for new files (done-file RUN_COMPLETE: present)
2026-08-04 01:13:15,759 - INFO - Scanned /root/temporal-awareness/out/experiments/loc_qwen_investment: 5 files on disk, 0 to upload (0.0 B)
2026-08-04 01:13:15,760 - INFO - RUN_COMPLETE is present and nothing is pending; the run is fully synced
2026-08-04 01:13:15,760 - INFO - Done: 48 files, 272.8 KB in 1h46m18s -> unrulyabstractions/temporal-awareness/localization/loc_qwen_investment
2026-08-04 01:13:26,083 - INFO - HTTP Request: GET https://huggingface.co/api/datasets/unrulyabstractions/temporal-awareness "HTTP/1.1 200 OK"
2026-08-04 01:13:26,293 - INFO - Syncing /root/temporal-awareness/out/experiments/loc_qwen_investment -> unrulyabstractions/temporal-awareness/localization/loc_qwen_investment (dataset)
2026-08-04 01:13:26,293 - INFO - Scanned /root/temporal-awareness/out/experiments/loc_qwen_investment: 5 files on disk, 0 to upload (0.0 B)
2026-08-04 01:13:26,293 - INFO - Done: 0 files, 0.0 B in 0.0s -> unrulyabstractions/temporal-awareness/localization/loc_qwen_investment
2026-08-04 01:13:26,523 - INFO - HTTP Request: GET https://huggingface.co/api/datasets/unrulyabstractions/temporal-awareness/tree/main/localization%2Floc_qwen_investment?recursive=true&expand=false "HTTP/1.1 200 OK"
2026-08-04 01:13:26,524 - INFO - Verify unrulyabstractions/temporal-awareness/localization/loc_qwen_investment: 5 local, 5 remote, 0 missing, 0 size-mismatched
